Synchronized 91 offline Android assets.
To honour the JVM settings for this build a single-use Daemon process will be forked. For more on this, please refer to https://docs.gradle.org/8.14.3/userguide/gradle_daemon.html#sec:disabling_the_daemon in the Gradle documentation.
Daemon will be stopped at the end of the build 

> Configure project :app
Unable to initialize metrics, ensure C:\.android is writable, details: C:\.android\analytics.settings (The system cannot find the path specified)
Exception while marshalling C:\Program Files\Unity\Hub\Editor\6000.5.9f1\Editor\Data\PlaybackEngines\AndroidPlayer\SDK\build-tools\36.0.0\package.xml. Probably the SDK is read-only
Exception while marshalling C:\Program Files\Unity\Hub\Editor\6000.5.9f1\Editor\Data\PlaybackEngines\AndroidPlayer\SDK\platform-tools\package.xml. Probably the SDK is read-only
Exception while marshalling C:\Program Files\Unity\Hub\Editor\6000.5.9f1\Editor\Data\PlaybackEngines\AndroidPlayer\SDK\platforms\android-34\package.xml. Probably the SDK is read-only
Exception while marshalling C:\Program Files\Unity\Hub\Editor\6000.5.9f1\Editor\Data\PlaybackEngines\AndroidPlayer\SDK\platforms\android-36\package.xml. Probably the SDK is read-only
Exception while marshalling C:\Program Files\Unity\Hub\Editor\6000.5.9f1\Editor\Data\PlaybackEngines\AndroidPlayer\SDK\build-tools\36.0.0\package.xml. Probably the SDK is read-only
Exception while marshalling C:\Program Files\Unity\Hub\Editor\6000.5.9f1\Editor\Data\PlaybackEngines\AndroidPlayer\SDK\platform-tools\package.xml. Probably the SDK is read-only
Exception while marshalling C:\Program Files\Unity\Hub\Editor\6000.5.9f1\Editor\Data\PlaybackEngines\AndroidPlayer\SDK\platforms\android-34\package.xml. Probably the SDK is read-only
Exception while marshalling C:\Program Files\Unity\Hub\Editor\6000.5.9f1\Editor\Data\PlaybackEngines\AndroidPlayer\SDK\platforms\android-36\package.xml. Probably the SDK is read-only
Exception while marshalling C:\Program Files\Unity\Hub\Editor\6000.5.9f1\Editor\Data\PlaybackEngines\AndroidPlayer\SDK\build-tools\36.0.0\package.xml. Probably the SDK is read-only
Exception while marshalling C:\Program Files\Unity\Hub\Editor\6000.5.9f1\Editor\Data\PlaybackEngines\AndroidPlayer\SDK\platform-tools\package.xml. Probably the SDK is read-only
Exception while marshalling C:\Program Files\Unity\Hub\Editor\6000.5.9f1\Editor\Data\PlaybackEngines\AndroidPlayer\SDK\platforms\android-34\package.xml. Probably the SDK is read-only
Exception while marshalling C:\Program Files\Unity\Hub\Editor\6000.5.9f1\Editor\Data\PlaybackEngines\AndroidPlayer\SDK\platforms\android-36\package.xml. Probably the SDK is read-only
Exception while marshalling C:\Program Files\Unity\Hub\Editor\6000.5.9f1\Editor\Data\PlaybackEngines\AndroidPlayer\SDK\build-tools\36.0.0\package.xml. Probably the SDK is read-only
Exception while marshalling C:\Program Files\Unity\Hub\Editor\6000.5.9f1\Editor\Data\PlaybackEngines\AndroidPlayer\SDK\platform-tools\package.xml. Probably the SDK is read-only
Exception while marshalling C:\Program Files\Unity\Hub\Editor\6000.5.9f1\Editor\Data\PlaybackEngines\AndroidPlayer\SDK\platforms\android-34\package.xml. Probably the SDK is read-only
Exception while marshalling C:\Program Files\Unity\Hub\Editor\6000.5.9f1\Editor\Data\PlaybackEngines\AndroidPlayer\SDK\platforms\android-36\package.xml. Probably the SDK is read-only
Info: Parsing legacy package: C:\Program Files\Unity\Hub\Editor\6000.5.9f1\Editor\Data\PlaybackEngines\AndroidPlayer\SDK\build-tools\36.0.0
Info: Exception while marshalling C:\Program Files\Unity\Hub\Editor\6000.5.9f1\Editor\Data\PlaybackEngines\AndroidPlayer\SDK\build-tools\36.0.0\package.xml. Probably the SDK is read-only
Info: Parsing legacy package: C:\Program Files\Unity\Hub\Editor\6000.5.9f1\Editor\Data\PlaybackEngines\AndroidPlayer\SDK\cmake\3.22.1
Info: Parsing legacy package: C:\Program Files\Unity\Hub\Editor\6000.5.9f1\Editor\Data\PlaybackEngines\AndroidPlayer\SDK\cmdline-tools\16.0
Info: Parsing legacy package: C:\Program Files\Unity\Hub\Editor\6000.5.9f1\Editor\Data\PlaybackEngines\AndroidPlayer\SDK\platform-tools
Info: Exception while marshalling C:\Program Files\Unity\Hub\Editor\6000.5.9f1\Editor\Data\PlaybackEngines\AndroidPlayer\SDK\platform-tools\package.xml. Probably the SDK is read-only
Info: Parsing legacy package: C:\Program Files\Unity\Hub\Editor\6000.5.9f1\Editor\Data\PlaybackEngines\AndroidPlayer\SDK\platforms\android-34
Info: Exception while marshalling C:\Program Files\Unity\Hub\Editor\6000.5.9f1\Editor\Data\PlaybackEngines\AndroidPlayer\SDK\platforms\android-34\package.xml. Probably the SDK is read-only
Info: Parsing legacy package: C:\Program Files\Unity\Hub\Editor\6000.5.9f1\Editor\Data\PlaybackEngines\AndroidPlayer\SDK\platforms\android-36
Info: Exception while marshalling C:\Program Files\Unity\Hub\Editor\6000.5.9f1\Editor\Data\PlaybackEngines\AndroidPlayer\SDK\platforms\android-36\package.xml. Probably the SDK is read-only
Info: Parsing legacy package: C:\Program Files\Unity\Hub\Editor\6000.5.9f1\Editor\Data\PlaybackEngines\AndroidPlayer\SDK\platforms\android-37.0
Info: SDK Manager found the following installed packages: build-tools;36.0.0 platform-tools platforms;android-34 platforms;android-36

> Task :app:checkReleaseSigning
> Task :app:preBuild UP-TO-DATE
> Task :app:preReleaseBuild
> Task :app:mergeReleaseJniLibFolders UP-TO-DATE
> Task :app:mergeReleaseNativeLibs NO-SOURCE
> Task :app:stripReleaseDebugSymbols NO-SOURCE
> Task :app:extractReleaseNativeSymbolTables NO-SOURCE
> Task :app:mergeReleaseNativeDebugMetadata NO-SOURCE
> Task :app:checkReleaseDuplicateClasses UP-TO-DATE
> Task :app:generateReleaseBuildConfig UP-TO-DATE
> Task :app:javaPreCompileRelease UP-TO-DATE
> Task :app:checkReleaseAarMetadata UP-TO-DATE
> Task :app:processReleaseNavigationResources
> Task :app:compileReleaseNavigationResources UP-TO-DATE
> Task :app:generateReleaseResValues UP-TO-DATE
> Task :app:mapReleaseSourceSetPaths
> Task :app:generateReleaseResources
> Task :app:packageReleaseResources
> Task :app:parseReleaseLocalResources
> Task :app:createReleaseCompatibleScreenManifests UP-TO-DATE
> Task :app:extractDeepLinksRelease UP-TO-DATE
> Task :app:mergeReleaseResources
> Task :app:processReleaseMainManifest
> Task :app:processReleaseManifest
> Task :app:desugarReleaseFileDependencies UP-TO-DATE
> Task :app:mergeReleaseStartupProfile UP-TO-DATE
> Task :app:mergeExtDexRelease UP-TO-DATE
> Task :app:mergeReleaseArtProfile UP-TO-DATE
> Task :app:mergeReleaseShaders UP-TO-DATE
> Task :app:compileReleaseShaders NO-SOURCE
> Task :app:generateReleaseAssets UP-TO-DATE
> Task :app:mergeReleaseAssets UP-TO-DATE
> Task :app:processReleaseManifestForPackage
> Task :app:compressReleaseAssets UP-TO-DATE
> Task :app:extractReleaseVersionControlInfo UP-TO-DATE
> Task :app:extractProguardFiles UP-TO-DATE
> Task :app:processReleaseJavaRes NO-SOURCE
> Task :app:mergeReleaseJavaResource UP-TO-DATE
> Task :app:collectReleaseDependencies UP-TO-DATE
> Task :app:sdkReleaseDependencyData UP-TO-DATE
> Task :app:validateSigningRelease UP-TO-DATE
> Task :app:writeReleaseAppMetadata UP-TO-DATE
> Task :app:writeReleaseSigningConfigVersions UP-TO-DATE
> Task :app:preReleaseUnitTestBuild UP-TO-DATE
> Task :app:processReleaseResources

> Task :app:compileReleaseJavaWithJavac
Note: D:\UProject\ProjectAIVibeCode\JawiPrasekolah\android\app\src\main\java\com\hananaacademy\tamanjawi\MainActivity.java uses or overrides a deprecated API.
Note: Recompile with -Xlint:deprecation for details.

> Task :app:dexBuilderRelease
> Task :app:mergeReleaseGlobalSynthetics UP-TO-DATE
> Task :app:generateReleaseLintVitalReportModel
> Task :app:mergeDexRelease
> Task :app:compileReleaseArtProfile
> Task :app:optimizeReleaseResources
> Task :app:generateReleaseLintReportModel
> Task :app:bundleReleaseClassesToCompileJar
> Task :app:generateReleaseUnitTestLintModel

> Task :app:lintVitalAnalyzeRelease
Warning: Unable to initialize metrics, ensure C:\.android is writable, details: C:\.android\analytics.settings (The system cannot find the path specified)

> Task :app:lintVitalReportRelease SKIPPED
> Task :app:lintVitalRelease SKIPPED
> Task :app:lintAnalyzeRelease
> Task :app:packageRelease
> Task :app:createReleaseApkListingFileRedirect UP-TO-DATE
> Task :app:assembleRelease
> Task :app:lintAnalyzeReleaseUnitTest

> Task :app:lintReportRelease
Wrote HTML report to file:///D:/UProject/ProjectAIVibeCode/JawiPrasekolah/android/app/build/reports/lint-results-release.html

> Task :app:lintRelease

[Incubating] Problems report is available at: file:///D:/UProject/ProjectAIVibeCode/JawiPrasekolah/android/build/reports/problems/problems-report.html

Deprecated Gradle features were used in this build, making it incompatible with Gradle 9.0.

You can use '--warning-mode all' to show the individual deprecation warnings and determine if they come from your own scripts or plugins.

For more on this, please refer to https://docs.gradle.org/8.14.3/userguide/command_line_interface.html#sec:command_line_warnings in the Gradle documentation.

BUILD SUCCESSFUL in 1m 1s
52 actionable tasks: 26 executed, 26 up-to-date
Verifies
Verified using v1 scheme (JAR signing): false
Verified using v2 scheme (APK Signature Scheme v2): true
Verified using v3 scheme (APK Signature Scheme v3): false
Verified using v3.1 scheme (APK Signature Scheme v3.1): false
Verified using v4 scheme (APK Signature Scheme v4): false
Verified for SourceStamp: false
Number of signers: 1
Signer #1 certificate DN: CN=Taman Jawi, OU=Android, O=Hanana Academy, C=MY
Signer #1 certificate SHA-256 digest: 864f4e05661fae5e6ea3865d007c8b93d18db959396fe617d589d9aed55f3365
Signer #1 certificate SHA-1 digest: 5ff11a277487f335dce7475c4a90545371efb641
Signer #1 certificate MD5 digest: 77b2d3fc10330747a453c0007fec467b
Signer #1 key algorithm: RSA
Signer #1 key size (bits): 3072
Signer #1 public key SHA-256 digest: 29807c7f7bd3eb92d86e4fa84a719d6f14ae7cbbd193a730f6d8c0dee5f9df0a
Signer #1 public key SHA-1 digest: 802ca517c14e0b004e8a086210273c6cbe2cd414
Signer #1 public key MD5 digest: c8993c4569ae951fc1d6d04d20c4dcc4
Release APK: D:\UProject\ProjectAIVibeCode\JawiPrasekolah\output\releases\Taman-Jawi-1.0.0-release.apk
